<!DOCTYPE html>
<html>
  <head>
    <meta charset="utf-8">
  </head>
  <body>
    <div id="app" style="display: none;">It's working!</div>
    <script src="index.js"></script>
  </body>
</html>